2026-04-28 04:30:04,737 INFO o.a.j.u.JMeterUtils: Setting Locale to en_EN
2026-04-28 04:30:04,749 INFO o.a.j.JMeter: Loading user properties from: /opt/homebrew/Cellar/jmeter/5.6.3/libexec/bin/user.properties
2026-04-28 04:30:04,750 INFO o.a.j.JMeter: Loading system properties from: /opt/homebrew/Cellar/jmeter/5.6.3/libexec/bin/system.properties
2026-04-28 04:30:04,753 INFO o.a.j.JMeter: Copyright (c) 1998-2024 The Apache Software Foundation
2026-04-28 04:30:04,753 INFO o.a.j.JMeter: Version 5.6.3
2026-04-28 04:30:04,753 INFO o.a.j.JMeter: java.version=21.0.11
2026-04-28 04:30:04,753 INFO o.a.j.JMeter: java.vm.name=OpenJDK 64-Bit Server VM
2026-04-28 04:30:04,753 INFO o.a.j.JMeter: os.name=Mac OS X
2026-04-28 04:30:04,753 INFO o.a.j.JMeter: os.arch=aarch64
2026-04-28 04:30:04,753 INFO o.a.j.JMeter: os.version=15.1.1
2026-04-28 04:30:04,753 INFO o.a.j.JMeter: file.encoding=UTF-8
2026-04-28 04:30:04,753 INFO o.a.j.JMeter: java.awt.headless=true
2026-04-28 04:30:04,753 INFO o.a.j.JMeter: Max memory     =1073741824
2026-04-28 04:30:04,753 INFO o.a.j.JMeter: Available Processors =8
2026-04-28 04:30:04,759 INFO o.a.j.JMeter: Default Locale=English (EN)
2026-04-28 04:30:04,759 INFO o.a.j.JMeter: JMeter  Locale=English (EN)
2026-04-28 04:30:04,759 INFO o.a.j.JMeter: JMeterHome=/opt/homebrew/Cellar/jmeter/5.6.3/libexec
2026-04-28 04:30:04,759 INFO o.a.j.JMeter: user.dir  =/Users/firoszufa/Documents/VIsualCode/Adpro/tutorial 7/exercise-profiling
2026-04-28 04:30:04,759 INFO o.a.j.JMeter: PWD       =/Users/firoszufa/Documents/VIsualCode/Adpro/tutorial 7/exercise-profiling
2026-04-28 04:30:04,761 INFO o.a.j.JMeter: IP: 127.0.0.1 Name: Fiross-MacBook-Air.local FullName: localhost
2026-04-28 04:30:04,768 INFO o.a.j.s.FileServer: Default base='/Users/firoszufa/Documents/VIsualCode/Adpro/tutorial 7/exercise-profiling'
2026-04-28 04:30:04,769 INFO o.a.j.s.FileServer: Set new base='/Users/firoszufa/Documents/VIsualCode/Adpro/tutorial 7/exercise-profiling'
2026-04-28 04:30:04,865 INFO o.a.j.s.SaveService: Testplan (JMX) version: 2.2. Testlog (JTL) version: 2.2
2026-04-28 04:30:04,885 INFO o.a.j.s.SaveService: Using SaveService properties version 5.0
2026-04-28 04:30:04,887 INFO o.a.j.s.SaveService: Using SaveService properties file encoding UTF-8
2026-04-28 04:30:04,888 INFO o.a.j.s.SaveService: Loading file: test_plan_2.jmx
2026-04-28 04:30:04,917 INFO o.a.j.p.h.s.HTTPSamplerBase: Parser for text/html is org.apache.jmeter.protocol.http.parser.LagartoBasedHtmlParser
2026-04-28 04:30:04,917 INFO o.a.j.p.h.s.HTTPSamplerBase: Parser for application/xhtml+xml is org.apache.jmeter.protocol.http.parser.LagartoBasedHtmlParser
2026-04-28 04:30:04,918 INFO o.a.j.p.h.s.HTTPSamplerBase: Parser for application/xml is org.apache.jmeter.protocol.http.parser.LagartoBasedHtmlParser
2026-04-28 04:30:04,918 INFO o.a.j.p.h.s.HTTPSamplerBase: Parser for text/xml is org.apache.jmeter.protocol.http.parser.LagartoBasedHtmlParser
2026-04-28 04:30:04,918 INFO o.a.j.p.h.s.HTTPSamplerBase: Parser for text/vnd.wap.wml is org.apache.jmeter.protocol.http.parser.RegexpHTMLParser
2026-04-28 04:30:04,918 INFO o.a.j.p.h.s.HTTPSamplerBase: Parser for text/css is org.apache.jmeter.protocol.http.parser.CssParser
2026-04-28 04:30:04,932 INFO o.a.j.JMeter: Creating summariser <summary>
2026-04-28 04:30:04,938 INFO o.a.j.e.StandardJMeterEngine: Running the test!
2026-04-28 04:30:04,938 INFO o.a.j.s.SampleEvent: List of sample_variables: []
2026-04-28 04:30:04,939 INFO o.a.j.s.SampleEvent: List of sample_variables: []
2026-04-28 04:30:04,941 INFO o.a.j.e.u.CompoundVariable: Note: Function class names must contain the string: '.functions.'
2026-04-28 04:30:04,941 INFO o.a.j.e.u.CompoundVariable: Note: Function class names must not contain the string: '.gui.'
2026-04-28 04:30:04,968 INFO o.a.j.r.ClassFinder: Will scan jar /opt/homebrew/Cellar/jmeter/5.6.3/libexec/lib/ext/jmeter-plugins-manager-1.9.jar with filter ExtendsClassFilter [parents=[interface org.apache.jmeter.functions.Function], inner=false, contains=null, notContains=null]. Consider exposing JMeter plugins via META-INF/services, and add JMeter-Skip-Class-Scanning=true manifest attribute so JMeter can skip classfile scanning
2026-04-28 04:30:05,014 INFO o.a.j.JMeter: Running test (1777325405014)
2026-04-28 04:30:05,024 INFO o.a.j.e.StandardJMeterEngine: Starting ThreadGroup: 1 : Thread Group
2026-04-28 04:30:05,024 INFO o.a.j.e.StandardJMeterEngine: Starting 10 threads for group Thread Group.
2026-04-28 04:30:05,024 INFO o.a.j.e.StandardJMeterEngine: Thread will continue on error
2026-04-28 04:30:05,024 INFO o.a.j.t.ThreadGroup: Starting thread group... number=1 threads=10 ramp-up=1 delayedStart=false
2026-04-28 04:30:05,027 INFO o.a.j.t.JMeterThread: Thread started: Thread Group 1-1
2026-04-28 04:30:05,028 INFO o.a.j.t.ThreadGroup: Started thread group number 1
2026-04-28 04:30:05,028 INFO o.a.j.e.StandardJMeterEngine: All thread groups have been started
2026-04-28 04:30:05,040 INFO o.a.j.p.h.s.HTTPHCAbstractImpl: Local host = Fiross-MacBook-Air.local
2026-04-28 04:30:05,043 INFO o.a.j.p.h.s.HTTPHC4Impl: HTTP request retry count = 0
2026-04-28 04:30:05,043 INFO o.a.j.s.SampleResult: Note: Sample TimeStamps are START times
2026-04-28 04:30:05,044 INFO o.a.j.s.SampleResult: sampleresult.default.encoding is set to UTF-8
2026-04-28 04:30:05,044 INFO o.a.j.s.SampleResult: sampleresult.useNanoTime=true
2026-04-28 04:30:05,044 INFO o.a.j.s.SampleResult: sampleresult.nanoThreadSleep=5000
2026-04-28 04:30:05,131 INFO o.a.j.t.JMeterThread: Thread started: Thread Group 1-2
2026-04-28 04:30:05,226 INFO o.a.j.t.JMeterThread: Thread started: Thread Group 1-3
2026-04-28 04:30:05,327 INFO o.a.j.t.JMeterThread: Thread started: Thread Group 1-4
2026-04-28 04:30:05,426 INFO o.a.j.t.JMeterThread: Thread started: Thread Group 1-5
2026-04-28 04:30:05,529 INFO o.a.j.t.JMeterThread: Thread started: Thread Group 1-6
2026-04-28 04:30:05,629 INFO o.a.j.t.JMeterThread: Thread started: Thread Group 1-7
2026-04-28 04:30:05,726 INFO o.a.j.t.JMeterThread: Thread started: Thread Group 1-8
2026-04-28 04:30:05,830 INFO o.a.j.t.JMeterThread: Thread started: Thread Group 1-9
2026-04-28 04:30:05,929 INFO o.a.j.t.JMeterThread: Thread started: Thread Group 1-10
2026-04-28 04:30:06,374 INFO o.a.j.t.JMeterThread: Thread is done: Thread Group 1-1
2026-04-28 04:30:06,374 INFO o.a.j.t.JMeterThread: Thread finished: Thread Group 1-1
2026-04-28 04:30:06,400 INFO o.a.j.t.JMeterThread: Thread is done: Thread Group 1-2
2026-04-28 04:30:06,400 INFO o.a.j.t.JMeterThread: Thread finished: Thread Group 1-2
2026-04-28 04:30:06,472 INFO o.a.j.t.JMeterThread: Thread is done: Thread Group 1-3
2026-04-28 04:30:06,473 INFO o.a.j.t.JMeterThread: Thread finished: Thread Group 1-3
2026-04-28 04:30:06,537 INFO o.a.j.t.JMeterThread: Thread is done: Thread Group 1-4
2026-04-28 04:30:06,537 INFO o.a.j.t.JMeterThread: Thread finished: Thread Group 1-4
2026-04-28 04:30:06,596 INFO o.a.j.t.JMeterThread: Thread is done: Thread Group 1-5
2026-04-28 04:30:06,597 INFO o.a.j.t.JMeterThread: Thread finished: Thread Group 1-5
2026-04-28 04:30:06,641 INFO o.a.j.t.JMeterThread: Thread is done: Thread Group 1-6
2026-04-28 04:30:06,641 INFO o.a.j.t.JMeterThread: Thread finished: Thread Group 1-6
2026-04-28 04:30:06,699 INFO o.a.j.t.JMeterThread: Thread is done: Thread Group 1-7
2026-04-28 04:30:06,699 INFO o.a.j.t.JMeterThread: Thread finished: Thread Group 1-7
2026-04-28 04:30:06,766 INFO o.a.j.t.JMeterThread: Thread is done: Thread Group 1-8
2026-04-28 04:30:06,766 INFO o.a.j.t.JMeterThread: Thread finished: Thread Group 1-8
2026-04-28 04:30:06,809 INFO o.a.j.t.JMeterThread: Thread is done: Thread Group 1-9
2026-04-28 04:30:06,809 INFO o.a.j.t.JMeterThread: Thread finished: Thread Group 1-9
2026-04-28 04:30:06,816 INFO o.a.j.t.JMeterThread: Thread is done: Thread Group 1-10
2026-04-28 04:30:06,816 INFO o.a.j.t.JMeterThread: Thread finished: Thread Group 1-10
2026-04-28 04:30:06,817 INFO o.a.j.e.StandardJMeterEngine: Notifying test listeners of end of test
2026-04-28 04:30:06,818 INFO o.a.j.r.Summariser: summary =     10 in 00:00:02 =    5.5/s Avg:  1125 Min:   885 Max:  1294 Err:     0 (0.00%)
